%!Adobe-FontList 1.11
%Locale:0x804

%BeginFont
Handler:DirectoryHandler
FontType:TrueType
FontName:IcoMoon-Free
FamilyName:IcoMoon-Free
StyleName:Regular
FullName:IcoMoon-Free
MenuName:IcoMoon-Free
StyleBits:0
FamilyNameNative:
StyleNameNative:Regular
FullNameNative:
WritingScript:Korean
OutlineFileName:D:\Else\Downloads\IcoMoon-Free-master\Font\IcoMoon-Free.ttf
DataFormat:sfntData
FileLength:130416
FileModTime:1457880172
WeightClass:400
WidthClass:5
AngleClass:0
%EndFont

%BeginFont
Handler:DirectoryHandler
FontType:Invalid
OutlineFileName:D:\Else\Downloads\IcoMoon-Free-master\Font\Read Me.txt
FileModTime:1457880172
%EndFont

%BeginFont
Handler:DirectoryHandler
FontType:Invalid
OutlineFileName:D:\Else\Downloads\IcoMoon-Free-master\Font\Reference.html
FileModTime:1457880172
%EndFont

%BeginFont
Handler:DirectoryHandler
FontType:Invalid
OutlineFileName:D:\Else\Downloads\IcoMoon-Free-master\Font\selection.json
FileModTime:1457880172
%EndFont

%BeginFont
Handler:DirectoryHandler
FontType:Invalid
OutlineFileName:D:\Else\Downloads\IcoMoon-Free-master\Font\demo-files\demo.css
FileModTime:1457880172
%EndFont

%BeginFont
Handler:DirectoryHandler
FontType:Invalid
OutlineFileName:D:\Else\Downloads\IcoMoon-Free-master\Font\demo-files\demo.js
FileModTime:1457880172
%EndFont

%BeginFont
Handler:DirectoryHandler
FontType:Invalid
OutlineFileName:D:\Else\Downloads\IcoMoon-Free-master\Font\demo-files\liga.js
FileModTime:1457880172
%EndFont

